term_putc
term_puts
term_gets
term_kscan
term_gotoxy
term_cls
term_set_identify_hook
term_drop_down

vdp_setchar
vdp_cursor_addr
vdp_screenmode

term_set_text_color
term_set_bg_color
term_set_border_color

sams_map_page
sams_alloc_pages
sams_free_pages
sams_read_page

sys_info
sys_display_info
sys_sams_info

var_get
var_set

exec_cmd

dsr_find
dsr_ea5_load
dsr_open
dsr_close
dsr_read
dsr_read_cpu
dsr_write
dsr_status
dsr_reset
dsr_delete
dsr_prg_load
dsr_prg_save
dsr_scratch
dsr_catalog

path_parse
path_to_iocode
lvl2_input
lvl2_input_cpu
lvl2_output
lvl2_output_cpu
lvl2_protect
lvl2_rename
lvl2_setdir
lvl2_mkdir
lvl2_rmdir
lvl2_rendir
lvl2_sector_read
lvl2_sector_write
lvl2_format

tcp_connect
tcp_close
tcp_read_socket
tcp_send_chars

tls_connect
tls_close
tls_read_socket
tls_send_chars

sockbuf_init
sockbuf_readline
sockbuf_readstream

tipi_on
tipi_off
tipi_sendmsg
tipi_recvmsg
tipi_log

time_get

str_from_uint
hex_from_uint
str_to_int
hex_to_int
str_from_float
str_copy
str_ncopy
str_cat
str_token
str_token_peek
str_len
str_cmp
str_cmp_icase
str_index_of
str_last_index_of
str_startswith
str_endswith
str_from_basic
str_set
str_token_next

audio_beep
audio_honk

snd_start
snd_tick
snd_playing
snd_stop
snd_play

speech_reset
speech_detect
speech_say_vocab
speech_say_data
speech_start
speech_continue
speech_wait

mouse_read
mouse_move
mouse_show
mouse_hide

list_init
list_push
list_pop
list_get
