audio_beep
audio_honk

dsr_catalog
dsr_close
dsr_delete
dsr_ea5_load
dsr_find
dsr_open
dsr_prg_load
dsr_prg_save
dsr_read
dsr_read_cpu
dsr_reset
dsr_scratch
dsr_status
dsr_write

exec_cmd

hex_from_uint
hex_to_int

list_get
list_init
list_pop
list_push

lvl2_format
lvl2_input
lvl2_input_cpu
lvl2_mkdir
lvl2_output
lvl2_output_cpu
lvl2_protect
lvl2_rename
lvl2_rendir
lvl2_rmdir
lvl2_sector_read
lvl2_sector_write
lvl2_setdir

mouse_hide
mouse_move
mouse_read
mouse_set_pointer
mouse_show

path_parse
path_to_iocode

sams_alloc_pages
sams_free_pages
sams_map_page
sams_read_page

snd_play
snd_playing
snd_start
snd_stop
snd_tick

sockbuf_init
sockbuf_readline
sockbuf_readstream

speech_continue
speech_detect
speech_reset
speech_say_data
speech_say_vocab
speech_start
speech_wait

str_cat
str_cmp
str_cmp_icase
str_copy
str_endswith
str_from_basic
str_from_float
str_from_uint
str_index_of
str_last_index_of
str_len
str_ncopy
str_set
str_startswith
str_to_int
str_token
str_token_next
str_token_peek

sys_info
sys_sams_info

tcp_close
tcp_connect
tcp_read_socket
tcp_send_chars

term_cls
term_drop_down
term_gets
term_gotoxy
term_kscan
term_putc
term_puts
term_set_bg_color
term_set_border_color
term_set_identify_hook
term_set_text_color

time_get

tipi_log
tipi_off
tipi_on
tipi_recvmsg
tipi_sendmsg

tls_close
tls_connect
tls_read_socket
tls_send_chars

var_get
var_set

vdp_cursor_addr
vdp_setchar

gfx_screen
gfx_get_info
gfx_color
gfx_set_page
gfx_set_cursor
gfx_get_cursor
gfx_clear
gfx_pset
gfx_preset
gfx_point
gfx_line
gfx_circle
gfx_paint
gfx_draw
gfx_copy
gfx_pattern_define
gfx_tile
gfx_sprite_pattern
gfx_sprite
gfx_sprite_loc
gfx_sprite_hide
gfx_sprite_enable
gfx_sprite_status
gfx_palette_set

tui_box
tui_box_title
tui_button_create
tui_button_set_label
tui_checkbox_create
tui_checkbox_get
tui_checkbox_set
tui_confirm_box
tui_dispatch_event
tui_done
tui_fill
tui_get_event
tui_get_focus
tui_gotoxy
tui_has_color
tui_hline
tui_init
tui_input_box
tui_label_create
tui_label_set_text
tui_list_add
tui_list_clear
tui_list_count
tui_list_create
tui_list_get_selected
tui_list_insert
tui_list_remove
tui_list_set_selected
tui_menu_create
tui_menu_destroy
tui_menu_get_selected
tui_message_box
tui_progressbar_create
tui_progressbar_set
tui_putc
tui_puts
tui_screen_height
tui_screen_width
tui_set_color
tui_set_focus
tui_textfield_create
tui_textfield_get
tui_textfield_set
tui_textfield_set_cursor
tui_vline
tui_widget_destroy
tui_widget_disable
tui_widget_enable
tui_widget_focus
tui_widget_hide
tui_widget_show
tui_win_close
tui_win_gotoxy
tui_win_move
tui_win_open
tui_win_printf
tui_win_putc
tui_win_puts
tui_win_resize
tui_win_scroll
tui_win_set_colors
tui_win_set_title
tui_win_set_border

fc_exit
