tputc
tputs_ram tputs
getstr
kscan

map_page sams_map_page
alloc_pages sams_alloc_pages
free_pages sams_free_pages

sys_info
display_info
sams_info

vars_get
vars_set

exec

dsr_ea5load
dsr_open
dsr_close
dsr_read
dsr_write
dsr_status
dsr_reset
dsr_delete
loadDir dsr_catalog

path2iocode
lvl2_input
lvl2_output
lvl2_protect
lvl2_rename
lvl2_setdir
lvl2_mkdir
lvl2_rmdir
lvl2_rendir

tcp_connect
tcp_close
tcp_read_socket
tcp_send_chars

tipi_on
tipi_off
tipi_sendmsg
tipi_recvmsg

datetime
findDsr find_dsr
parsePathParam parse_path_param

uint2str
uint2hex
atoi
htoi
strcpy
strncpy
strcat
strtok
strtokpeek
strlen
strcmp
strcmpi
indexof
lindexof
str_startswith
str_endswith
basicToCstr
strset
token_cursor next_token

beep
honk
set_identify_hook
vdp_setchar
conio_getvram vdp_get_cursor_addr
dropDown ui_drop_down
cursorGoto ui_gotoxy

speech_reset
detect_speech
say_vocab
say_data
speech_start
speech_continue
speech_wait

tipi_mouse
updatePointer tipi_mouse_move
enablePointer tipi_mouse_enable
disablePointer tipi_mouse_disable

tls_connect
tls_close
tls_read_socket
tls_send_chars

init_socket_buffer
readline
readstream

list_init
list_push
list_pop
list_get

